src/contexts/LanguageContext.tsx(2,54): error TS1484: 'ReactNode' is a type and must be imported using a type-only import when 'verbatimModuleSyntax' is enabled.
src/contexts/LanguageContext.tsx(3,10): error TS1484: 'Language' is a type and must be imported using a type-only import when 'verbatimModuleSyntax' is enabled.
src/contexts/LanguageContext.tsx(4,30): error TS2307: Cannot find module '../data/translations' or its corresponding type declarations.
src/data/mockData.ts(2,10): error TS1484: 'Speaker' is a type and must be imported using a type-only import when 'verbatimModuleSyntax' is enabled.
src/data/mockData.ts(2,19): error TS1484: 'ProgramItem' is a type and must be imported using a type-only import when 'verbatimModuleSyntax' is enabled.
src/data/mockData.ts(2,32): error TS1484: 'GalleryItem' is a type and must be imported using a type-only import when 'verbatimModuleSyntax' is enabled.
src/data/translation.ts(2,10): error TS1484: 'TranslationStrings' is a type and must be imported using a type-only import when 'verbatimModuleSyntax' is enabled.
src/pages/About.tsx(89,73): error TS2769: No overload matches this call.
  The last overload gave the following error.
    Object literal may only specify known properties, and 'size' does not exist in type 'Partial<unknown> & Attributes'.
src/pages/Speakers.tsx(8,9): error TS6133: 't' is declared but its value is never read.
